[38;2;191;188;200;48;2;51;49;178m  @@ -5,5 +5,6 @@ [m[48;2;51;49;178m                 [m[38;2;191;188;200;48;2;51;49;178m [m[48;2;51;49;178m                                  [m
[38;2;241;239;239;48;2;32;31;38m  )[m[48;2;32;31;38m                                [m[38;2;241;239;239;48;2;32;31;38m  )[m[48;2;32;31;38m                                [m
[38;2;241;239;239;48;2;32;31;38m  [m[48;2;32;31;38m                                 [m[38;2;241;239;239;48;2;32;31;38m  [m[48;2;32;31;38m                                 [m
[38;2;241;239;239;48;2;32;31;38m  func main() {[m[48;2;32;31;38m                    [m[38;2;241;239;239;48;2;32;31;38m  func main() {[m[48;2;32;31;38m                    [m
[38;2;255;56;139;48;2;58;48;48m- [m[38;2;241;239;239;48;2;58;48;48m    fmt.Println("Hello, world!")[m[48;2;58;48;48m [m[38;2;10;220;217;48;2;48;58;48m+ [m[38;2;241;239;239;48;2;48;58;48m    content := "Hello, world!"[m[48;2;48;58;48m   [m
[48;2;58;57;67m  [m[48;2;58;57;67m                                 [m[38;2;10;220;217;48;2;48;58;48m+ [m[38;2;241;239;239;48;2;48;58;48m    fmt.Println(content)[m[48;2;48;58;48m         [m
[38;2;241;239;239;48;2;32;31;38m  }[m[48;2;32;31;38m                                [m[38;2;241;239;239;48;2;32;31;38m  }[m[48;2;32;31;38m                                [m