[48;2;71;118;255mÂ [m[38;2;77;76;87;48;2;71;118;255m â€¦[m[48;2;71;118;255mÂ [m[38;2;96;95;107;48;2;113;154;252m  @@ -9,5 +10,6 @@ [m[48;2;113;154;252m                               [m[48;2;71;118;255mÂ [m[38;2;77;76;87;48;2;71;118;255m â€¦[m[48;2;71;118;255mÂ [m[38;2;96;95;107;48;2;113;154;252m [m[48;2;113;154;252m                                                 [m
[48;2;223;219;221mÂ [m[38;2;58;57;67;48;2;223;219;221m 9[m[48;2;223;219;221mÂ [m[38;2;32;31;38;48;2;241;239;239m  }[m[48;2;241;239;239m                                               [m[48;2;223;219;221mÂ [m[38;2;58;57;67;48;2;223;219;221m10[m[48;2;223;219;221mÂ [m[38;2;32;31;38;48;2;241;239;239m  }[m[48;2;241;239;239m                                               [m
[48;2;223;219;221mÂ [m[38;2;58;57;67;48;2;223;219;221m10[m[48;2;223;219;221mÂ [m[38;2;32;31;38;48;2;241;239;239m  [m[48;2;241;239;239m                                                [m[48;2;223;219;221mÂ [m[38;2;58;57;67;48;2;223;219;221m11[m[48;2;223;219;221mÂ [m[38;2;32;31;38;48;2;241;239;239m  [m[48;2;241;239;239m                                                [m
[48;2;223;219;221mÂ [m[38;2;58;57;67;48;2;223;219;221m11[m[48;2;223;219;221mÂ [m[38;2;32;31;38;48;2;241;239;239m  func getContent() string {[m[48;2;241;239;239m                      [m[48;2;223;219;221mÂ [m[38;2;58;57;67;48;2;223;219;221m12[m[48;2;223;219;221mÂ [m[38;2;32;31;38;48;2;241;239;239m  func getContent() string {[m[48;2;241;239;239m                      [m
[48;2;223;219;221mÂ [m[38;2;58;57;67;48;2;223;219;221m â€¦[m[48;2;223;219;221mÂ [m[38;2;32;31;38;48;2;241;239;239m  â€¦[m[48;2;241;239;239m                                               [m[48;2;223;219;221mÂ [m[38;2;58;57;67;48;2;223;219;221m â€¦[m[48;2;223;219;221mÂ [m[38;2;32;31;38;48;2;241;239;239m  â€¦[m[48;2;241;239;239m                                               [m