[38;2;241;239;239;48;2;32;31;38m  )[m[48;2;32;31;38m                               [m
[38;2;241;239;239;48;2;32;31;38m  [m[48;2;32;31;38m                                [m
[38;2;241;239;239;48;2;32;31;38m  func main() {[m[48;2;32;31;38m                   [m
[38;2;255;56;139;48;2;58;48;48m- [m[38;2;241;239;239;48;2;58;48;48m    fmt.Println("Hello, world!")[m
[38;2;10;220;217;48;2;48;58;48m+ [m[38;2;241;239;239;48;2;48;58;48m    content := "Hello, world!"[m[48;2;48;58;48m  [m
[38;2;10;220;217;48;2;48;58;48m+ [m[38;2;241;239;239;48;2;48;58;48m    fmt.Println(content)[m[48;2;48;58;48m        [m
[38;2;241;239;239;48;2;32;31;38m  }[m[48;2;32;31;38m                               [m
