[38;2;32;31;38;48;2;241;239;239m  )[m[48;2;241;239;239m                               [m
[38;2;32;31;38;48;2;241;239;239m  [m[48;2;241;239;239m                                [m
[38;2;32;31;38;48;2;241;239;239m  func main() {[m[48;2;241;239;239m                   [m
[38;2;255;56;139;48;2;255;235;238m- [m[38;2;32;31;38;48;2;255;235;238m    fmt.Println("Hello, world!")[m
[38;2;10;220;217;48;2;232;245;233m+ [m[38;2;32;31;38;48;2;232;245;233m    content := "Hello, world!"[m[48;2;232;245;233m  [m
[38;2;10;220;217;48;2;232;245;233m+ [m[38;2;32;31;38;48;2;232;245;233m    fmt.Println(content)[m[48;2;232;245;233m        [m
[38;2;32;31;38;48;2;241;239;239m  }[m[48;2;241;239;239m                               [m
