[48;2;223;219;221mÂ [m[38;2;58;57;67;48;2;223;219;221m 9[m[48;2;223;219;221mÂ [m[48;2;223;219;221mÂ [m[38;2;58;57;67;48;2;223;219;221m10[m[48;2;223;219;221mÂ [m[38;2;32;31;38;48;2;241;239;239m  }[m[48;2;241;239;239m                                               [m
[48;2;223;219;221mÂ [m[38;2;58;57;67;48;2;223;219;221m10[m[48;2;223;219;221mÂ [m[48;2;223;219;221mÂ [m[38;2;58;57;67;48;2;223;219;221m11[m[48;2;223;219;221mÂ [m[38;2;32;31;38;48;2;241;239;239m  [m[48;2;241;239;239m                                                [m
[48;2;223;219;221mÂ [m[38;2;58;57;67;48;2;223;219;221m11[m[48;2;223;219;221mÂ [m[48;2;223;219;221mÂ [m[38;2;58;57;67;48;2;223;219;221m12[m[48;2;223;219;221mÂ [m[38;2;32;31;38;48;2;241;239;239m  func getContent() string {[m[48;2;241;239;239m                      [m
[48;2;255;205;210mÂ [m[38;2;255;56;139;48;2;255;205;210m12[m[48;2;255;205;210mÂ [m[48;2;255;205;210mÂ [m[38;2;255;56;139;48;2;255;205;210m  [m[48;2;255;205;210mÂ [m[38;2;255;56;139;48;2;255;235;238m- [m[38;2;32;31;38;48;2;255;235;238m    return "Hello, world!"[m[48;2;255;235;238m                      [m
[48;2;223;219;221mÂ [m[38;2;58;57;67;48;2;223;219;221m â€¦[m[48;2;223;219;221mÂ [m[48;2;223;219;221mÂ [m[38;2;58;57;67;48;2;223;219;221m â€¦[m[48;2;223;219;221mÂ [m[38;2;32;31;38;48;2;241;239;239m  â€¦[m[48;2;241;239;239m                                               [m