[48;2;223;219;221mÂ [m[38;2;58;57;67;48;2;223;219;221m 4[m[48;2;223;219;221mÂ [m[48;2;223;219;221mÂ [m[38;2;58;57;67;48;2;223;219;221m 4[m[48;2;223;219;221mÂ [m[38;2;32;31;38;48;2;241;239;239m      "fmt"[m[48;2;241;239;239m                                       [m
[48;2;200;230;201mÂ [m[38;2;10;220;217;48;2;200;230;201m  [m[48;2;200;230;201mÂ [m[48;2;200;230;201mÂ [m[38;2;10;220;217;48;2;200;230;201m 5[m[48;2;200;230;201mÂ [m[38;2;10;220;217;48;2;232;245;233m+ [m[38;2;32;31;38;48;2;232;245;233m    "strings"[m[48;2;232;245;233m                                   [m
[48;2;223;219;221mÂ [m[38;2;58;57;67;48;2;223;219;221m 5[m[48;2;223;219;221mÂ [m[48;2;223;219;221mÂ [m[38;2;58;57;67;48;2;223;219;221m 6[m[48;2;223;219;221mÂ [m[38;2;32;31;38;48;2;241;239;239m  )[m[48;2;241;239;239m                                               [m
[48;2;223;219;221mÂ [m[38;2;58;57;67;48;2;223;219;221m 6[m[48;2;223;219;221mÂ [m[48;2;223;219;221mÂ [m[38;2;58;57;67;48;2;223;219;221m 7[m[48;2;223;219;221mÂ [m[38;2;32;31;38;48;2;241;239;239m  [m[48;2;241;239;239m                                                [m
[48;2;223;219;221mÂ [m[38;2;58;57;67;48;2;223;219;221m â€¦[m[48;2;223;219;221mÂ [m[48;2;223;219;221mÂ [m[38;2;58;57;67;48;2;223;219;221m â€¦[m[48;2;223;219;221mÂ [m[38;2;32;31;38;48;2;241;239;239m  â€¦[m[48;2;241;239;239m                                               [m