[48;2;73;73;255mÂ [m[38;2;191;188;200;48;2;73;73;255m â€¦[m[48;2;73;73;255mÂ [m[38;2;191;188;200;48;2;51;49;178m  @@ -2,6 +2,7 @@ [m[48;2;51;49;178m                                [m[48;2;73;73;255mÂ [m[38;2;191;188;200;48;2;73;73;255m â€¦[m[48;2;73;73;255mÂ [m[38;2;191;188;200;48;2;51;49;178m [m[48;2;51;49;178m                                                 [m